wsl : wsl: Failed to translate 'D:
\Users\USASebas\Downloads\FILES\ru
ntime\win64'
En línea: 1 Carácter: 1
+ wsl make -C src test 
prueba=KafePARDOS > 
test_output.txt 2>&1
+ ~~~~~~~~~~~~~~~~~~~~~~~~~~~~~~~~
~~~~~~~~~~~~~~~~~~~~~~~~~~~~~
    + CategoryInfo          : Not 
   Specified: (wsl: Failed to ..  
  .\runtime\win64':String) [],    
 RemoteException
    + FullyQualifiedErrorId : Nat 
   iveCommandError
 
wsl: Failed to translate 'D:\Users
\USASebas\Downloads\FILES\bin'
make: Entering directory '/mnt/c/Users/JoshLopez/Downloads/Github/KAFE-Reloaded/src'
if [ -z "KafePARDOS" ]; then \
	for i in ../tests/test_Algorithms.py ../tests/test_KafeFiles.py ../tests/test_KafeGESHA.py ../tests/test_KafeMATH.py ../tests/test_KafeNUMK.py ../tests/test_KafePARDOS.py ../tests/test_KafePLOT.py ../tests/test_base.py ../tests/test_bucles.py ../tests/test_condicionales.py ../tests/test_funciones.py ../tests/test_import.py; do \
		python3 -m pytest $i; \
	done; \
else \
	for i in ../tests/test_KafePARDOS.py; do \
		python3 -m pytest $i; \
	done; \
fi
/usr/bin/python3: No module named 
pytest
make: Leaving directory '/mnt/c/Users/JoshLopez/Downloads/Github/KAFE-Reloaded/src'
make: *** [Makefile:8: test] 
Error 1
